MemTotal: 16298164 kB$ MemFree: 9828824 kB$ MemAvailable: 12884328 kB$ Buffers: 844096 kB$ Cached: 1311048 kB$ SwapCached: 0 kB$ Active: 3886784 kB$ Inactive: 1803880 kB$ Active(anon): 2570060 kB$ Inactive(anon): 119668 kB$ Active(file): 1316724 kB$ Inactive(file): 1684212 kB$ Unevictable: 248 kB$ Mlocked: 248 kB$ SwapTotal: 999420 kB$ SwapFree: 999420 kB$ Dirty: 208 kB$ Writeback: 0 kB$ AnonPages: 3535824 kB$ Mapped: 558408 kB$ Shmem: 122116 kB$ Slab: 512340 kB$ SReclaimable: 397012 kB$ SUnreclaim: 115328 kB$ KernelStack: 18272 kB$ PageTables: 77984 kB$ NFS_Unstable: 0 kB$ Bounce: 0 kB$ WritebackTmp: 0 kB$ CommitLimit: 9148500 kB$ Committed_AS: 13337900 kB$ VmallocTotal: 34359738367 kB$ VmallocUsed: 0 kB$ VmallocChunk: 0 kB$ HardwareCorrupted: 0 kB$ AnonHugePages: 0 kB$ ShmemHugePages: 0 kB$ ShmemPmdMapped: 0 kB$ CmaTotal: 0 kB$ CmaFree: 0 kB$ HugePages_Total: 0$ HugePages_Free: 0$ HugePages_Rsvd: 0$ HugePages_Surp: 0$ Hugepagesize: 2048 kB$ DirectMap4k: 365064 kB$ DirectMap2M: 8945664 kB$ DirectMap1G: 8388608 kB$
